{"properties":{"width":73,"height":69},"coordinates":{"button-menu-alert":{"x":0,"y":0,"width":35,"height":33},"button-menu-disabled":{"x":-38,"y":0,"width":35,"height":33},"button-menu-hover":{"x":0,"y":-36,"width":35,"height":33},"button-menu-normal":{"x":-38,"y":-36,"width":35,"height":33}}}