{"properties":{"width":31,"height":11},"coordinates":{"en":{"x":0,"y":0,"width":14,"height":11},"ru":{"x":-17,"y":0,"width":14,"height":11}}}